---
source: crates/yokectl/tests/help_snapshots.rs
expression: stdout
---
Force-refresh the cached community index

Usage: yokectl index update [OPTIONS]

Options:
      --fake-volume <FAKE_VOLUME>  Use a directory as a fake volume backend instead of the platform device
      --json                       Emit machine-readable JSON on stdout (NDJSON for watch)
  -v, --verbose...                 Increase tracing verbosity on stderr; repeat (-vv reveals info, -vvv debug)
      --no-color                   Disable ANSI styling (NO_COLOR=1 or non-TTY stdout also disable)
  -h, --help                       Print help
