---
source: crates/yokectl/tests/json_snapshots.rs
expression: v
---
{
  "device": {
    "kind": "Present",
    "label": "[REDACTED]",
    "mount_point": "[REDACTED]",
    "vid_pid": {
      "product": 0,
      "vendor": 0
    }
  },
  "mount": {
    "kind": "Present",
    "label": "[REDACTED]",
    "mount_point": "[REDACTED]",
    "vid_pid": {
      "product": 0,
      "vendor": 0
    }
  },
  "profiles": []
}
